DEBUG - 2026-06-30 00:43:07 --> Session: Class initialized using 'CodeIgniter\Session\Handlers\FileHandler' driver.
ERROR - 2026-06-30 00:43:11 --> Error connecting to the database: mysqli_sql_exception: No connection could be made because the target machine actively refused it in C:\cnf-web-company-main\vendor\codeigniter4\framework\system\Database\MySQLi\Connection.php:201
Stack trace:
#0 C:\cnf-web-company-main\vendor\codeigniter4\framework\system\Database\MySQLi\Connection.php(201): mysqli->real_connect('localhost', 'root', Object(SensitiveParameterValue), 'chakra_naga_fur...', 3306, '', 0)
#1 C:\cnf-web-company-main\vendor\codeigniter4\framework\system\Database\BaseConnection.php(419): CodeIgniter\Database\MySQLi\Connection->connect(false)
#2 C:\cnf-web-company-main\vendor\codeigniter4\framework\system\Database\BaseConnection.php(614): CodeIgniter\Database\BaseConnection->initialize()
#3 C:\cnf-web-company-main\vendor\codeigniter4\framework\system\Database\BaseBuilder.php(1649): CodeIgniter\Database\BaseConnection->query('SELECT *\nFROM `...', Array, false)
#4 C:\cnf-web-company-main\vendor\codeigniter4\framework\system\Model.php(330): CodeIgniter\Database\BaseBuilder->get()
#5 C:\cnf-web-company-main\vendor\codeigniter4\framework\system\BaseModel.php(715): CodeIgniter\Model->doFirst()
#6 C:\cnf-web-company-main\app\Models\LanguageModel.php(26): CodeIgniter\BaseModel->first()
#7 C:\cnf-web-company-main\app\Models\TranslationModel.php(25): App\Models\LanguageModel->getLanguageIdByCode('en')
#8 C:\cnf-web-company-main\app\Controllers\Home.php(66): App\Models\TranslationModel->getAllTranslations('en')
#9 C:\cnf-web-company-main\app\Controllers\Home.php(60): App\Controllers\Home->loadDataFromDatabase()
#10 C:\cnf-web-company-main\vendor\codeigniter4\framework\system\CodeIgniter.php(903): App\Controllers\Home->__construct()
#11 C:\cnf-web-company-main\vendor\codeigniter4\framework\system\CodeIgniter.php(498): CodeIgniter\CodeIgniter->createController()
#12 C:\cnf-web-company-main\vendor\codeigniter4\framework\system\CodeIgniter.php(354): CodeIgniter\CodeIgniter->handleRequest(NULL, Object(Config\Cache), false)
#13 C:\cnf-web-company-main\vendor\codeigniter4\framework\system\Boot.php(363): CodeIgniter\CodeIgniter->run()
#14 C:\cnf-web-company-main\vendor\codeigniter4\framework\system\Boot.php(68): CodeIgniter\Boot::runCodeIgniter(Object(CodeIgniter\CodeIgniter))
#15 C:\cnf-web-company-main\public\index.php(59): CodeIgniter\Boot::bootWeb(Object(Config\Paths))
#16 C:\cnf-web-company-main\vendor\codeigniter4\framework\system\rewrite.php(44): require_once('C:\\cnf-web-comp...')
#17 {main}

Next CodeIgniter\Database\Exceptions\DatabaseException: No connection could be made because the target machine actively refused it in C:\cnf-web-company-main\vendor\codeigniter4\framework\system\Database\MySQLi\Connection.php:246
Stack trace:
#0 C:\cnf-web-company-main\vendor\codeigniter4\framework\system\Database\BaseConnection.php(419): CodeIgniter\Database\MySQLi\Connection->connect(false)
#1 C:\cnf-web-company-main\vendor\codeigniter4\framework\system\Database\BaseConnection.php(614): CodeIgniter\Database\BaseConnection->initialize()
#2 C:\cnf-web-company-main\vendor\codeigniter4\framework\system\Database\BaseBuilder.php(1649): CodeIgniter\Database\BaseConnection->query('SELECT *\nFROM `...', Array, false)
#3 C:\cnf-web-company-main\vendor\codeigniter4\framework\system\Model.php(330): CodeIgniter\Database\BaseBuilder->get()
#4 C:\cnf-web-company-main\vendor\codeigniter4\framework\system\BaseModel.php(715): CodeIgniter\Model->doFirst()
#5 C:\cnf-web-company-main\app\Models\LanguageModel.php(26): CodeIgniter\BaseModel->first()
#6 C:\cnf-web-company-main\app\Models\TranslationModel.php(25): App\Models\LanguageModel->getLanguageIdByCode('en')
#7 C:\cnf-web-company-main\app\Controllers\Home.php(66): App\Models\TranslationModel->getAllTranslations('en')
#8 C:\cnf-web-company-main\app\Controllers\Home.php(60): App\Controllers\Home->loadDataFromDatabase()
#9 C:\cnf-web-company-main\vendor\codeigniter4\framework\system\CodeIgniter.php(903): App\Controllers\Home->__construct()
#10 C:\cnf-web-company-main\vendor\codeigniter4\framework\system\CodeIgniter.php(498): CodeIgniter\CodeIgniter->createController()
#11 C:\cnf-web-company-main\vendor\codeigniter4\framework\system\CodeIgniter.php(354): CodeIgniter\CodeIgniter->handleRequest(NULL, Object(Config\Cache), false)
#12 C:\cnf-web-company-main\vendor\codeigniter4\framework\system\Boot.php(363): CodeIgniter\CodeIgniter->run()
#13 C:\cnf-web-company-main\vendor\codeigniter4\framework\system\Boot.php(68): CodeIgniter\Boot::runCodeIgniter(Object(CodeIgniter\CodeIgniter))
#14 C:\cnf-web-company-main\public\index.php(59): CodeIgniter\Boot::bootWeb(Object(Config\Paths))
#15 C:\cnf-web-company-main\vendor\codeigniter4\framework\system\rewrite.php(44): require_once('C:\\cnf-web-comp...')
#16 {main}
CRITICAL - 2026-06-30 00:43:11 --> CodeIgniter\Database\Exceptions\DatabaseException: Unable to connect to the database.
Main connection [MySQLi]: No connection could be made because the target machine actively refused it
[Method: GET, Route: /]
in SYSTEMPATH\Database\BaseConnection.php on line 465.
 1 SYSTEMPATH\Database\BaseConnection.php(614): CodeIgniter\Database\BaseConnection->initialize()
 2 SYSTEMPATH\Database\BaseBuilder.php(1649): CodeIgniter\Database\BaseConnection->query('SELECT *
FROM `languages`
WHERE `code` = :code:
 LIMIT 1', [...], false)
 3 SYSTEMPATH\Model.php(330): CodeIgniter\Database\BaseBuilder->get()
 4 SYSTEMPATH\BaseModel.php(715): CodeIgniter\Model->doFirst()
 5 APPPATH\Models\LanguageModel.php(26): CodeIgniter\BaseModel->first()
 6 APPPATH\Models\TranslationModel.php(25): App\Models\LanguageModel->getLanguageIdByCode('en')
 7 APPPATH\Controllers\Home.php(66): App\Models\TranslationModel->getAllTranslations('en')
 8 APPPATH\Controllers\Home.php(60): App\Controllers\Home->loadDataFromDatabase()
 9 SYSTEMPATH\CodeIgniter.php(903): App\Controllers\Home->__construct()
10 SYSTEMPATH\CodeIgniter.php(498): CodeIgniter\CodeIgniter->createController()
11 SYSTEMPATH\CodeIgniter.php(354): CodeIgniter\CodeIgniter->handleRequest(null, Object(Config\Cache), false)
12 SYSTEMPATH\Boot.php(363): CodeIgniter\CodeIgniter->run()
13 SYSTEMPATH\Boot.php(68): CodeIgniter\Boot::runCodeIgniter(Object(CodeIgniter\CodeIgniter))
14 FCPATH\index.php(59): CodeIgniter\Boot::bootWeb(Object(Config\Paths))
15 SYSTEMPATH\rewrite.php(44): require_once('C:\\cnf-web-company-main\\public\\index.php')
DEBUG - 2026-06-30 00:48:57 --> Session: Class initialized using 'CodeIgniter\Session\Handlers\FileHandler' driver.
ERROR - 2026-06-30 00:49:01 --> Error connecting to the database: mysqli_sql_exception: No connection could be made because the target machine actively refused it in C:\cnf-web-company-main\vendor\codeigniter4\framework\system\Database\MySQLi\Connection.php:201
Stack trace:
#0 C:\cnf-web-company-main\vendor\codeigniter4\framework\system\Database\MySQLi\Connection.php(201): mysqli->real_connect('localhost', 'root', Object(SensitiveParameterValue), 'chakra_naga_fur...', 3306, '', 0)
#1 C:\cnf-web-company-main\vendor\codeigniter4\framework\system\Database\BaseConnection.php(419): CodeIgniter\Database\MySQLi\Connection->connect(false)
#2 C:\cnf-web-company-main\vendor\codeigniter4\framework\system\Database\BaseConnection.php(614): CodeIgniter\Database\BaseConnection->initialize()
#3 C:\cnf-web-company-main\vendor\codeigniter4\framework\system\Database\BaseBuilder.php(1649): CodeIgniter\Database\BaseConnection->query('SELECT *\nFROM `...', Array, false)
#4 C:\cnf-web-company-main\vendor\codeigniter4\framework\system\Model.php(330): CodeIgniter\Database\BaseBuilder->get()
#5 C:\cnf-web-company-main\vendor\codeigniter4\framework\system\BaseModel.php(715): CodeIgniter\Model->doFirst()
#6 C:\cnf-web-company-main\app\Models\LanguageModel.php(26): CodeIgniter\BaseModel->first()
#7 C:\cnf-web-company-main\app\Models\TranslationModel.php(25): App\Models\LanguageModel->getLanguageIdByCode('en')
#8 C:\cnf-web-company-main\app\Controllers\Home.php(66): App\Models\TranslationModel->getAllTranslations('en')
#9 C:\cnf-web-company-main\app\Controllers\Home.php(60): App\Controllers\Home->loadDataFromDatabase()
#10 C:\cnf-web-company-main\vendor\codeigniter4\framework\system\CodeIgniter.php(903): App\Controllers\Home->__construct()
#11 C:\cnf-web-company-main\vendor\codeigniter4\framework\system\CodeIgniter.php(498): CodeIgniter\CodeIgniter->createController()
#12 C:\cnf-web-company-main\vendor\codeigniter4\framework\system\CodeIgniter.php(354): CodeIgniter\CodeIgniter->handleRequest(NULL, Object(Config\Cache), false)
#13 C:\cnf-web-company-main\vendor\codeigniter4\framework\system\Boot.php(363): CodeIgniter\CodeIgniter->run()
#14 C:\cnf-web-company-main\vendor\codeigniter4\framework\system\Boot.php(68): CodeIgniter\Boot::runCodeIgniter(Object(CodeIgniter\CodeIgniter))
#15 C:\cnf-web-company-main\public\index.php(59): CodeIgniter\Boot::bootWeb(Object(Config\Paths))
#16 C:\cnf-web-company-main\vendor\codeigniter4\framework\system\rewrite.php(44): require_once('C:\\cnf-web-comp...')
#17 {main}

Next CodeIgniter\Database\Exceptions\DatabaseException: No connection could be made because the target machine actively refused it in C:\cnf-web-company-main\vendor\codeigniter4\framework\system\Database\MySQLi\Connection.php:246
Stack trace:
#0 C:\cnf-web-company-main\vendor\codeigniter4\framework\system\Database\BaseConnection.php(419): CodeIgniter\Database\MySQLi\Connection->connect(false)
#1 C:\cnf-web-company-main\vendor\codeigniter4\framework\system\Database\BaseConnection.php(614): CodeIgniter\Database\BaseConnection->initialize()
#2 C:\cnf-web-company-main\vendor\codeigniter4\framework\system\Database\BaseBuilder.php(1649): CodeIgniter\Database\BaseConnection->query('SELECT *\nFROM `...', Array, false)
#3 C:\cnf-web-company-main\vendor\codeigniter4\framework\system\Model.php(330): CodeIgniter\Database\BaseBuilder->get()
#4 C:\cnf-web-company-main\vendor\codeigniter4\framework\system\BaseModel.php(715): CodeIgniter\Model->doFirst()
#5 C:\cnf-web-company-main\app\Models\LanguageModel.php(26): CodeIgniter\BaseModel->first()
#6 C:\cnf-web-company-main\app\Models\TranslationModel.php(25): App\Models\LanguageModel->getLanguageIdByCode('en')
#7 C:\cnf-web-company-main\app\Controllers\Home.php(66): App\Models\TranslationModel->getAllTranslations('en')
#8 C:\cnf-web-company-main\app\Controllers\Home.php(60): App\Controllers\Home->loadDataFromDatabase()
#9 C:\cnf-web-company-main\vendor\codeigniter4\framework\system\CodeIgniter.php(903): App\Controllers\Home->__construct()
#10 C:\cnf-web-company-main\vendor\codeigniter4\framework\system\CodeIgniter.php(498): CodeIgniter\CodeIgniter->createController()
#11 C:\cnf-web-company-main\vendor\codeigniter4\framework\system\CodeIgniter.php(354): CodeIgniter\CodeIgniter->handleRequest(NULL, Object(Config\Cache), false)
#12 C:\cnf-web-company-main\vendor\codeigniter4\framework\system\Boot.php(363): CodeIgniter\CodeIgniter->run()
#13 C:\cnf-web-company-main\vendor\codeigniter4\framework\system\Boot.php(68): CodeIgniter\Boot::runCodeIgniter(Object(CodeIgniter\CodeIgniter))
#14 C:\cnf-web-company-main\public\index.php(59): CodeIgniter\Boot::bootWeb(Object(Config\Paths))
#15 C:\cnf-web-company-main\vendor\codeigniter4\framework\system\rewrite.php(44): require_once('C:\\cnf-web-comp...')
#16 {main}
CRITICAL - 2026-06-30 00:49:01 --> CodeIgniter\Database\Exceptions\DatabaseException: Unable to connect to the database.
Main connection [MySQLi]: No connection could be made because the target machine actively refused it
[Method: GET, Route: /]
in SYSTEMPATH\Database\BaseConnection.php on line 465.
 1 SYSTEMPATH\Database\BaseConnection.php(614): CodeIgniter\Database\BaseConnection->initialize()
 2 SYSTEMPATH\Database\BaseBuilder.php(1649): CodeIgniter\Database\BaseConnection->query('SELECT *
FROM `languages`
WHERE `code` = :code:
 LIMIT 1', [...], false)
 3 SYSTEMPATH\Model.php(330): CodeIgniter\Database\BaseBuilder->get()
 4 SYSTEMPATH\BaseModel.php(715): CodeIgniter\Model->doFirst()
 5 APPPATH\Models\LanguageModel.php(26): CodeIgniter\BaseModel->first()
 6 APPPATH\Models\TranslationModel.php(25): App\Models\LanguageModel->getLanguageIdByCode('en')
 7 APPPATH\Controllers\Home.php(66): App\Models\TranslationModel->getAllTranslations('en')
 8 APPPATH\Controllers\Home.php(60): App\Controllers\Home->loadDataFromDatabase()
 9 SYSTEMPATH\CodeIgniter.php(903): App\Controllers\Home->__construct()
10 SYSTEMPATH\CodeIgniter.php(498): CodeIgniter\CodeIgniter->createController()
11 SYSTEMPATH\CodeIgniter.php(354): CodeIgniter\CodeIgniter->handleRequest(null, Object(Config\Cache), false)
12 SYSTEMPATH\Boot.php(363): CodeIgniter\CodeIgniter->run()
13 SYSTEMPATH\Boot.php(68): CodeIgniter\Boot::runCodeIgniter(Object(CodeIgniter\CodeIgniter))
14 FCPATH\index.php(59): CodeIgniter\Boot::bootWeb(Object(Config\Paths))
15 SYSTEMPATH\rewrite.php(44): require_once('C:\\cnf-web-company-main\\public\\index.php')
DEBUG - 2026-06-30 00:49:03 --> Session: Class initialized using 'CodeIgniter\Session\Handlers\FileHandler' driver.
ERROR - 2026-06-30 00:49:07 --> Error connecting to the database: mysqli_sql_exception: No connection could be made because the target machine actively refused it in C:\cnf-web-company-main\vendor\codeigniter4\framework\system\Database\MySQLi\Connection.php:201
Stack trace:
#0 C:\cnf-web-company-main\vendor\codeigniter4\framework\system\Database\MySQLi\Connection.php(201): mysqli->real_connect('localhost', 'root', Object(SensitiveParameterValue), 'chakra_naga_fur...', 3306, '', 0)
#1 C:\cnf-web-company-main\vendor\codeigniter4\framework\system\Database\BaseConnection.php(419): CodeIgniter\Database\MySQLi\Connection->connect(false)
#2 C:\cnf-web-company-main\vendor\codeigniter4\framework\system\Database\BaseConnection.php(614): CodeIgniter\Database\BaseConnection->initialize()
#3 C:\cnf-web-company-main\vendor\codeigniter4\framework\system\Database\BaseBuilder.php(1649): CodeIgniter\Database\BaseConnection->query('SELECT *\nFROM `...', Array, false)
#4 C:\cnf-web-company-main\vendor\codeigniter4\framework\system\Model.php(330): CodeIgniter\Database\BaseBuilder->get()
#5 C:\cnf-web-company-main\vendor\codeigniter4\framework\system\BaseModel.php(715): CodeIgniter\Model->doFirst()
#6 C:\cnf-web-company-main\app\Models\LanguageModel.php(26): CodeIgniter\BaseModel->first()
#7 C:\cnf-web-company-main\app\Models\TranslationModel.php(25): App\Models\LanguageModel->getLanguageIdByCode('en')
#8 C:\cnf-web-company-main\app\Controllers\Home.php(66): App\Models\TranslationModel->getAllTranslations('en')
#9 C:\cnf-web-company-main\app\Controllers\Home.php(60): App\Controllers\Home->loadDataFromDatabase()
#10 C:\cnf-web-company-main\vendor\codeigniter4\framework\system\CodeIgniter.php(903): App\Controllers\Home->__construct()
#11 C:\cnf-web-company-main\vendor\codeigniter4\framework\system\CodeIgniter.php(498): CodeIgniter\CodeIgniter->createController()
#12 C:\cnf-web-company-main\vendor\codeigniter4\framework\system\CodeIgniter.php(354): CodeIgniter\CodeIgniter->handleRequest(NULL, Object(Config\Cache), false)
#13 C:\cnf-web-company-main\vendor\codeigniter4\framework\system\Boot.php(363): CodeIgniter\CodeIgniter->run()
#14 C:\cnf-web-company-main\vendor\codeigniter4\framework\system\Boot.php(68): CodeIgniter\Boot::runCodeIgniter(Object(CodeIgniter\CodeIgniter))
#15 C:\cnf-web-company-main\public\index.php(59): CodeIgniter\Boot::bootWeb(Object(Config\Paths))
#16 C:\cnf-web-company-main\vendor\codeigniter4\framework\system\rewrite.php(44): require_once('C:\\cnf-web-comp...')
#17 {main}

Next CodeIgniter\Database\Exceptions\DatabaseException: No connection could be made because the target machine actively refused it in C:\cnf-web-company-main\vendor\codeigniter4\framework\system\Database\MySQLi\Connection.php:246
Stack trace:
#0 C:\cnf-web-company-main\vendor\codeigniter4\framework\system\Database\BaseConnection.php(419): CodeIgniter\Database\MySQLi\Connection->connect(false)
#1 C:\cnf-web-company-main\vendor\codeigniter4\framework\system\Database\BaseConnection.php(614): CodeIgniter\Database\BaseConnection->initialize()
#2 C:\cnf-web-company-main\vendor\codeigniter4\framework\system\Database\BaseBuilder.php(1649): CodeIgniter\Database\BaseConnection->query('SELECT *\nFROM `...', Array, false)
#3 C:\cnf-web-company-main\vendor\codeigniter4\framework\system\Model.php(330): CodeIgniter\Database\BaseBuilder->get()
#4 C:\cnf-web-company-main\vendor\codeigniter4\framework\system\BaseModel.php(715): CodeIgniter\Model->doFirst()
#5 C:\cnf-web-company-main\app\Models\LanguageModel.php(26): CodeIgniter\BaseModel->first()
#6 C:\cnf-web-company-main\app\Models\TranslationModel.php(25): App\Models\LanguageModel->getLanguageIdByCode('en')
#7 C:\cnf-web-company-main\app\Controllers\Home.php(66): App\Models\TranslationModel->getAllTranslations('en')
#8 C:\cnf-web-company-main\app\Controllers\Home.php(60): App\Controllers\Home->loadDataFromDatabase()
#9 C:\cnf-web-company-main\vendor\codeigniter4\framework\system\CodeIgniter.php(903): App\Controllers\Home->__construct()
#10 C:\cnf-web-company-main\vendor\codeigniter4\framework\system\CodeIgniter.php(498): CodeIgniter\CodeIgniter->createController()
#11 C:\cnf-web-company-main\vendor\codeigniter4\framework\system\CodeIgniter.php(354): CodeIgniter\CodeIgniter->handleRequest(NULL, Object(Config\Cache), false)
#12 C:\cnf-web-company-main\vendor\codeigniter4\framework\system\Boot.php(363): CodeIgniter\CodeIgniter->run()
#13 C:\cnf-web-company-main\vendor\codeigniter4\framework\system\Boot.php(68): CodeIgniter\Boot::runCodeIgniter(Object(CodeIgniter\CodeIgniter))
#14 C:\cnf-web-company-main\public\index.php(59): CodeIgniter\Boot::bootWeb(Object(Config\Paths))
#15 C:\cnf-web-company-main\vendor\codeigniter4\framework\system\rewrite.php(44): require_once('C:\\cnf-web-comp...')
#16 {main}
CRITICAL - 2026-06-30 00:49:07 --> CodeIgniter\Database\Exceptions\DatabaseException: Unable to connect to the database.
Main connection [MySQLi]: No connection could be made because the target machine actively refused it
[Method: GET, Route: /]
in SYSTEMPATH\Database\BaseConnection.php on line 465.
 1 SYSTEMPATH\Database\BaseConnection.php(614): CodeIgniter\Database\BaseConnection->initialize()
 2 SYSTEMPATH\Database\BaseBuilder.php(1649): CodeIgniter\Database\BaseConnection->query('SELECT *
FROM `languages`
WHERE `code` = :code:
 LIMIT 1', [...], false)
 3 SYSTEMPATH\Model.php(330): CodeIgniter\Database\BaseBuilder->get()
 4 SYSTEMPATH\BaseModel.php(715): CodeIgniter\Model->doFirst()
 5 APPPATH\Models\LanguageModel.php(26): CodeIgniter\BaseModel->first()
 6 APPPATH\Models\TranslationModel.php(25): App\Models\LanguageModel->getLanguageIdByCode('en')
 7 APPPATH\Controllers\Home.php(66): App\Models\TranslationModel->getAllTranslations('en')
 8 APPPATH\Controllers\Home.php(60): App\Controllers\Home->loadDataFromDatabase()
 9 SYSTEMPATH\CodeIgniter.php(903): App\Controllers\Home->__construct()
10 SYSTEMPATH\CodeIgniter.php(498): CodeIgniter\CodeIgniter->createController()
11 SYSTEMPATH\CodeIgniter.php(354): CodeIgniter\CodeIgniter->handleRequest(null, Object(Config\Cache), false)
12 SYSTEMPATH\Boot.php(363): CodeIgniter\CodeIgniter->run()
13 SYSTEMPATH\Boot.php(68): CodeIgniter\Boot::runCodeIgniter(Object(CodeIgniter\CodeIgniter))
14 FCPATH\index.php(59): CodeIgniter\Boot::bootWeb(Object(Config\Paths))
15 SYSTEMPATH\rewrite.php(44): require_once('C:\\cnf-web-company-main\\public\\index.php')
DEBUG - 2026-06-30 01:03:30 --> Session: Class initialized using 'CodeIgniter\Session\Handlers\FileHandler' driver.
DEBUG - 2026-06-30 01:03:56 --> Session: Class initialized using 'CodeIgniter\Session\Handlers\FileHandler' driver.
DEBUG - 2026-06-30 01:04:06 --> Session: Class initialized using 'CodeIgniter\Session\Handlers\FileHandler' driver.
DEBUG - 2026-06-30 01:06:27 --> Session: Class initialized using 'CodeIgniter\Session\Handlers\FileHandler' driver.
DEBUG - 2026-06-30 02:03:59 --> Session: Class initialized using 'CodeIgniter\Session\Handlers\FileHandler' driver.
DEBUG - 2026-06-30 02:05:26 --> Session: Class initialized using 'CodeIgniter\Session\Handlers\FileHandler' driver.
DEBUG - 2026-06-30 02:19:50 --> Session: Class initialized using 'CodeIgniter\Session\Handlers\FileHandler' driver.
DEBUG - 2026-06-30 02:22:21 --> Session: Class initialized using 'CodeIgniter\Session\Handlers\FileHandler' driver.
DEBUG - 2026-06-30 04:13:18 --> Session: Class initialized using 'CodeIgniter\Session\Handlers\FileHandler' driver.
DEBUG - 2026-06-30 04:17:14 --> Session: Class initialized using 'CodeIgniter\Session\Handlers\FileHandler' driver.
DEBUG - 2026-06-30 04:19:34 --> Session: Class initialized using 'CodeIgniter\Session\Handlers\FileHandler' driver.
DEBUG - 2026-06-30 04:25:33 --> Session: Class initialized using 'CodeIgniter\Session\Handlers\FileHandler' driver.
DEBUG - 2026-06-30 04:25:39 --> Session: Class initialized using 'CodeIgniter\Session\Handlers\FileHandler' driver.
DEBUG - 2026-06-30 04:27:01 --> Session: Class initialized using 'CodeIgniter\Session\Handlers\FileHandler' driver.
DEBUG - 2026-06-30 04:31:56 --> Session: Class initialized using 'CodeIgniter\Session\Handlers\FileHandler' driver.
DEBUG - 2026-06-30 04:32:27 --> Session: Class initialized using 'CodeIgniter\Session\Handlers\FileHandler' driver.
DEBUG - 2026-06-30 04:32:40 --> Session: Class initialized using 'CodeIgniter\Session\Handlers\FileHandler' driver.
DEBUG - 2026-06-30 04:33:14 --> Session: Class initialized using 'CodeIgniter\Session\Handlers\FileHandler' driver.
DEBUG - 2026-06-30 04:56:49 --> Session: Class initialized using 'CodeIgniter\Session\Handlers\FileHandler' driver.
DEBUG - 2026-06-30 04:56:51 --> Session: Class initialized using 'CodeIgniter\Session\Handlers\FileHandler' driver.
DEBUG - 2026-06-30 04:56:57 --> Session: Class initialized using 'CodeIgniter\Session\Handlers\FileHandler' driver.
DEBUG - 2026-06-30 04:57:20 --> Session: Class initialized using 'CodeIgniter\Session\Handlers\FileHandler' driver.
DEBUG - 2026-06-30 04:57:20 --> Session: Class initialized using 'CodeIgniter\Session\Handlers\FileHandler' driver.
DEBUG - 2026-06-30 04:57:33 --> Session: Class initialized using 'CodeIgniter\Session\Handlers\FileHandler' driver.
DEBUG - 2026-06-30 06:41:17 --> Session: Class initialized using 'CodeIgniter\Session\Handlers\FileHandler' driver.
DEBUG - 2026-06-30 06:41:21 --> Session: Class initialized using 'CodeIgniter\Session\Handlers\FileHandler' driver.
DEBUG - 2026-06-30 06:41:28 --> Session: Class initialized using 'CodeIgniter\Session\Handlers\FileHandler' driver.
DEBUG - 2026-06-30 06:41:29 --> Session: Class initialized using 'CodeIgniter\Session\Handlers\FileHandler' driver.
DEBUG - 2026-06-30 06:41:31 --> Session: Class initialized using 'CodeIgniter\Session\Handlers\FileHandler' driver.
DEBUG - 2026-06-30 06:41:33 --> Session: Class initialized using 'CodeIgniter\Session\Handlers\FileHandler' driver.
DEBUG - 2026-06-30 06:41:37 --> Session: Class initialized using 'CodeIgniter\Session\Handlers\FileHandler' driver.
DEBUG - 2026-06-30 06:41:46 --> Session: Class initialized using 'CodeIgniter\Session\Handlers\FileHandler' driver.
DEBUG - 2026-06-30 06:53:37 --> Session: Class initialized using 'CodeIgniter\Session\Handlers\FileHandler' driver.
DEBUG - 2026-06-30 06:53:40 --> Session: Class initialized using 'CodeIgniter\Session\Handlers\FileHandler' driver.
DEBUG - 2026-06-30 06:56:03 --> Session: Class initialized using 'CodeIgniter\Session\Handlers\FileHandler' driver.
DEBUG - 2026-06-30 07:00:16 --> Session: Class initialized using 'CodeIgniter\Session\Handlers\FileHandler' driver.
DEBUG - 2026-06-30 07:02:27 --> Session: Class initialized using 'CodeIgniter\Session\Handlers\FileHandler' driver.
DEBUG - 2026-06-30 07:02:53 --> Session: Class initialized using 'CodeIgniter\Session\Handlers\FileHandler' driver.
DEBUG - 2026-06-30 07:04:41 --> Session: Class initialized using 'CodeIgniter\Session\Handlers\FileHandler' driver.
DEBUG - 2026-06-30 07:07:48 --> Session: Class initialized using 'CodeIgniter\Session\Handlers\FileHandler' driver.
DEBUG - 2026-06-30 07:08:04 --> Session: Class initialized using 'CodeIgniter\Session\Handlers\FileHandler' driver.
DEBUG - 2026-06-30 07:13:40 --> Session: Class initialized using 'CodeIgniter\Session\Handlers\FileHandler' driver.
DEBUG - 2026-06-30 07:14:56 --> Session: Class initialized using 'CodeIgniter\Session\Handlers\FileHandler' driver.
DEBUG - 2026-06-30 07:29:25 --> Session: Class initialized using 'CodeIgniter\Session\Handlers\FileHandler' driver.
DEBUG - 2026-06-30 07:30:12 --> Session: Class initialized using 'CodeIgniter\Session\Handlers\FileHandler' driver.
DEBUG - 2026-06-30 07:30:37 --> Session: Class initialized using 'CodeIgniter\Session\Handlers\FileHandler' driver.
WARNING - 2026-06-30 07:30:37 --> [DEPRECATED] strtotime(): Passing null to parameter #1 ($datetime) of type string is deprecated in APPPATH\Views\career.php on line 121.
 1 APPPATH\Views\career.php(121): strtotime(null)
 2 SYSTEMPATH\View\View.php(226): include('C:\\cnf-web-company-main\\app\\Views\\career.php')
 3 SYSTEMPATH\View\View.php(229): CodeIgniter\View\View->{closure:CodeIgniter\View\View::render():223}()
 4 SYSTEMPATH\Common.php(1167): CodeIgniter\View\View->render('career', [], true)
 5 APPPATH\Controllers\Home.php(127): view('career', [...])
 6 SYSTEMPATH\CodeIgniter.php(933): App\Controllers\Home->career()
 7 SYSTEMPATH\CodeIgniter.php(507): CodeIgniter\CodeIgniter->runController(Object(App\Controllers\Home))
 8 SYSTEMPATH\CodeIgniter.php(354): CodeIgniter\CodeIgniter->handleRequest(null, Object(Config\Cache), false)
 9 SYSTEMPATH\Boot.php(363): CodeIgniter\CodeIgniter->run()
10 SYSTEMPATH\Boot.php(68): CodeIgniter\Boot::runCodeIgniter(Object(CodeIgniter\CodeIgniter))
11 FCPATH\index.php(59): CodeIgniter\Boot::bootWeb(Object(Config\Paths))
12 SYSTEMPATH\rewrite.php(44): require_once('C:\\cnf-web-company-main\\public\\index.php')
WARNING - 2026-06-30 07:30:37 --> [DEPRECATED] strtotime(): Passing null to parameter #1 ($datetime) of type string is deprecated in APPPATH\Views\career.php on line 121.
 1 APPPATH\Views\career.php(121): strtotime(null)
 2 SYSTEMPATH\View\View.php(226): include('C:\\cnf-web-company-main\\app\\Views\\career.php')
 3 SYSTEMPATH\View\View.php(229): CodeIgniter\View\View->{closure:CodeIgniter\View\View::render():223}()
 4 SYSTEMPATH\Common.php(1167): CodeIgniter\View\View->render('career', [], true)
 5 APPPATH\Controllers\Home.php(127): view('career', [...])
 6 SYSTEMPATH\CodeIgniter.php(933): App\Controllers\Home->career()
 7 SYSTEMPATH\CodeIgniter.php(507): CodeIgniter\CodeIgniter->runController(Object(App\Controllers\Home))
 8 SYSTEMPATH\CodeIgniter.php(354): CodeIgniter\CodeIgniter->handleRequest(null, Object(Config\Cache), false)
 9 SYSTEMPATH\Boot.php(363): CodeIgniter\CodeIgniter->run()
10 SYSTEMPATH\Boot.php(68): CodeIgniter\Boot::runCodeIgniter(Object(CodeIgniter\CodeIgniter))
11 FCPATH\index.php(59): CodeIgniter\Boot::bootWeb(Object(Config\Paths))
12 SYSTEMPATH\rewrite.php(44): require_once('C:\\cnf-web-company-main\\public\\index.php')
